
   FAIL  Tests\Feature\AccountingTest
  Γ¿» sale event triggers journalΓÇª 0.89s  
  ΓöÇΓöÇΓöÇΓöÇΓöÇΓöÇΓöÇΓöÇΓöÇΓöÇΓöÇΓöÇΓöÇΓöÇΓöÇΓöÇΓöÇΓöÇΓöÇΓöÇΓöÇΓöÇΓöÇΓöÇΓöÇΓöÇΓöÇΓöÇΓöÇΓöÇΓöÇΓöÇΓöÇΓöÇΓöÇΓöÇ  
   FAILED  Tests\FeaΓÇª  QueryException   
  SQLSTATE[HY000]: General error: 1 no such table: chart_of_accounts (Connection: sqlite, Database: :memory:, SQL: select * from "chart_of_accounts" where ("code" = 4000) limit 1)

  at vendor\laravel\framework\src\Illuminate\Database\Connection.php:413
    409Γûò             // For select statements, we'll simply execute the query and return an array
    410Γûò             // of the database result set. Each element in the array will be a single
    411Γûò             // row from the database table, and will either be an array or objects.
    412Γûò             $statement = $this->prepared(
  Γ₧£ 413Γûò                 $this->getPdoForSelect($useReadPdo)->prepare($query)
    414Γûò             );
    415Γûò 
    416Γûò             $this->bindValues($statement, $this->prepareBindings($bindings));
    417Γûò

  1   vendor\laravel\framework\src\Illuminate\Database\Connection.php:413
  2   vendor\laravel\framework\src\Illuminate\Database\Connection.php:820


  Tests:    1 failed (0 assertions)
  Duration: 1.48s

